    Updating crates.io index
     Locking 153 packages to highest compatible versions
      Adding base64 v0.22.1 (available: v0.23.1)
      Adding cfb v0.14.0 (available: v0.15.0)
      Adding minicov v0.3.8 (available: v0.3.9)
      Adding pdf-writer v0.12.1 (available: v0.15.0)
      Adding quick-xml v0.39.4 (available: v0.42.0)
      Adding usvg v0.45.1 (available: v0.48.1)
 Downloading crates ...
  Downloaded uuid v1.27.0
  Downloaded libc v0.2.190
   Compiling unicode-ident v1.0.26
   Compiling proc-macro2 v1.0.107
   Compiling quote v1.0.47
    Checking cfg-if v1.0.5
    Checking simd-adler32 v0.3.10
   Compiling crc32fast v1.5.2
    Checking adler2 v2.0.1
    Checking log v0.4.34
   Compiling rustversion v1.0.23
    Checking arrayvec v0.7.8
   Compiling libm v0.2.16
    Checking zlib-rs v0.6.8
    Checking smallvec v1.16.2
   Compiling wasm-bindgen-shared v0.2.129
   Compiling version_check v0.9.5
    Checking bitflags v2.13.2
   Compiling libc v0.2.190
    Checking fdeflate v0.3.7
    Checking miniz_oxide v0.9.1
    Checking miniz_oxide v0.8.9
    Checking float-cmp v0.9.0
   Compiling autocfg v1.5.1
    Checking arrayref v0.3.9
    Checking equivalent v1.0.2
    Checking weezl v0.1.12
    Checking hashbrown v0.17.1
    Checking strict-num v0.1.1
   Compiling slotmap v1.1.1
    Checking color_quant v1.1.0
    Checking polycool v0.4.0
    Checking kurbo v0.11.3
    Checking unicode-script v0.5.8
    Checking memchr v2.8.3
    Checking siphasher v1.0.4
    Checking unicode-ccc v0.4.0
   Compiling num-traits v0.2.19
   Compiling bumpalo v3.20.3
    Checking byteorder-lite v0.1.0
    Checking tinyvec v1.13.3
    Checking indexmap v2.14.2
   Compiling heck v0.5.0
    Checking bitflags v1.3.2
    Checking unicode-properties v0.1.4
    Checking unicode-bidi-mirroring v0.4.0
    Checking kurbo v0.13.1
    Checking simplecss v0.2.2
    Checking unicode-vo v0.1.0
    Checking roxmltree v0.20.0
    Checking base64 v0.22.1
    Checking svgtypes v0.15.3
    Checking pxfm v0.1.30
    Checking data-url v0.3.2
    Checking zune-core v0.4.12
    Checking xmlwriter v0.1.0
    Checking unicode-bidi v0.3.18
    Checking pico-args v0.5.0
    Checking imagesize v0.13.0
    Checking quick-error v2.0.1
    Checking zune-core v0.5.3
    Checking once_cell v1.21.4
    Checking image-webp v0.2.4
    Checking zune-jpeg v0.4.21
    Checking gif v0.13.3
    Checking gif v0.14.2
    Checking zune-jpeg v0.5.15
   Compiling paste v1.0.15
    Checking simdutf8 v0.1.5
   Compiling multiversion_no_op v1.0.0
    Checking ryu v1.0.23
    Checking rustc-hash v2.1.3
    Checking scopeguard v1.2.0
    Checking itoa v1.0.18
    Checking web-time v1.1.0
    Checking fnv v1.0.7
    Checking typed-path v0.12.3
    Checking pdf-writer v0.12.1
    Checking uuid v1.27.0
    Checking quick-xml v0.39.4
    Checking unicode-segmentation v1.13.3
    Checking byteorder v1.5.0
    Checking cfb v0.14.0
    Checking embedded-io v0.7.1
    Checking unicode-width v0.2.2
   Compiling wasm-bindgen v0.2.129
   Compiling encoding_rs v0.8.42
    Checking flate2 v1.1.10
    Checking zopfli v0.8.3
    Checking png v0.17.16
    Checking png v0.18.1
    Checking zip v8.6.0
    Checking core_maths v0.1.1
    Checking ttf-parser v0.25.1
    Checking memmap2 v0.9.11
    Checking fontdb v0.23.0
    Checking moxcms v0.8.1
   Compiling syn v3.0.6
   Compiling syn v2.0.119
   Compiling snafu-derive v0.9.2
   Compiling strum_macros v0.28.0
   Compiling wasm-bindgen-macro-support v0.2.129
   Compiling bytemuck_derive v1.12.1
    Checking snafu v0.9.2
    Checking strum v0.28.0
    Checking bytemuck v1.25.2
    Checking codepage v0.1.3
   Compiling wasm-bindgen-macro v0.2.129
    Checking font-types v0.11.3
    Checking tiny-skia-path v0.11.4
    Checking rustybuzz v0.20.1
    Checking rgb v0.8.53
    Checking image v0.25.10
    Checking read-fonts v0.39.2
    Checking tiny-skia v0.11.4
    Checking usvg v0.45.1
    Checking console_error_panic_hook v0.1.7
    Checking resvg v0.45.1
    Checking write-fonts v0.48.1
    Checking skrifa v0.42.1
    Checking subsetter v0.2.6
    Checking svg2pdf v0.13.0
    Checking rhwp v0.7.3 (/Users/ken/orca/workspaces/rhwp/v318-engine-clippy-correction)
error: this operation has no effect
    --> src/document_core/commands/object_ops.rs:2172:26
     |
2172 |         let flags: u32 = (1 << 0) | (0 << 3) | (3 << 8) | (4 << 15) | (2 << 18) | (1 << 21);
     |                          ^^^^^^^^^^^^^^^^^^^ help: consider reducing it to: `((1 << 0))`
     |
     = help: for further information visit https://rust-lang.github.io/rust-clippy/rust-1.99.0/index.html#identity_op
     = note: `-D clippy::identity-op` implied by `-D warnings`
     = help: to override `-D warnings` add `#[allow(clippy::identity_op)]`

error: matching on `Some` with `ok()` is redundant
   --> src/document_core/commands/table_ops.rs:776:9
    |
776 | /         if let Some(table) = self
777 | |             .get_table_mut_by_cell_path(section_idx, parent_para_idx, &path)
778 | |             .ok()
    | |_________________^
    |
    = help: for further information visit https://rust-lang.github.io/rust-clippy/rust-1.99.0/index.html#match_result_ok
    = note: `-D clippy::match-result-ok` implied by `-D warnings`
    = help: to override `-D warnings` add `#[allow(clippy::match_result_ok)]`
help: consider matching on `Ok(table)` and removing the call to `ok` instead
    |
776 ~         if let Ok(table) = self
777 +             .get_table_mut_by_cell_path(section_idx, parent_para_idx, &path)
    |

error: unneeded late initialization
   --> src/document_core/queries/cursor_nav.rs:242:9
    |
242 |         let new_pos: (usize, usize, usize, Option<(usize, usize, usize, usize)>);
    |         ^^^^^^^^^^^^^^^^^^^^^^^^^^^^^^^^^^^^^^^^^^^^^^^^^^^^^^^^^^^^^^^^^^^^^^^^^
    |
    = help: for further information visit https://rust-lang.github.io/rust-clippy/rust-1.99.0/index.html#needless_late_init
    = note: `-D clippy::needless-late-init` implied by `-D warnings`
    = help: to override `-D warnings` add `#[allow(clippy::needless_late_init)]`
help: move the declaration `new_pos` here and remove the assignments from the branches
    |
242 ~         
243 |
244 ~         let new_pos: (usize, usize, usize, Option<(usize, usize, usize, usize)>) = if target_line >= 0 && (target_line as usize) < line_info.line_count {
245 |             // CASE A: 같은 문단 내 다른 줄
...
263 |                 self.find_char_at_x_on_line(sec, para, cell_ctx, target_range, px_for_target)?;
264 ~             (sec, para, new_offset, cell_ctx)
265 |         } else if cell_ctx.is_some() {
266 |             // CASE C: 셀 내부 경계
267 ~             self.handle_cell_boundary(
268 |                 sec,
...
273 |                 cell_ctx.unwrap(),
274 ~             )?
275 |         } else {
276 |             // CASE B: 본문 문단/구역 경계
277 ~             self.handle_body_boundary(sec, para, delta, actual_px)?
278 ~         };
    |

error: using `chunks_exact` with a constant chunk size
   --> src/document_core/queries/form_query.rs:350:10
    |
350 |         .chunks_exact(2)
    |          ^^^^^^^^^^^^^^^ help: consider using `as_chunks` instead: `as_chunks::<2>().0.iter()`
    |
    = help: for further information visit https://rust-lang.github.io/rust-clippy/rust-1.99.0/index.html#chunks_exact_to_as_chunks
    = note: `-D clippy::chunks-exact-to-as-chunks` implied by `-D warnings`
    = help: to override `-D warnings` add `#[allow(clippy::chunks_exact_to_as_chunks)]`

error: manually filling a slice
   --> src/document_core/queries/rendering.rs:887:9
    |
887 | /         for d in &mut self.dirty_sections {
888 | |             *d = true;
889 | |         }
    | |_________^ help: try: `&mut self.dirty_sections.fill(true);`
    |
    = help: for further information visit https://rust-lang.github.io/rust-clippy/rust-1.99.0/index.html#manual_slice_fill
    = note: `-D clippy::manual-slice-fill` implied by `-D warnings`
    = help: to override `-D warnings` add `#[allow(clippy::manual_slice_fill)]`

error: manually filling a slice
    --> src/document_core/queries/rendering.rs:1596:9
     |
1596 | /         for off in &mut self.para_offset {
1597 | |             *off = 0;
1598 | |         }
     | |_________^ help: try: `&mut self.para_offset.fill(0);`
     |
     = help: for further information visit https://rust-lang.github.io/rust-clippy/rust-1.99.0/index.html#manual_slice_fill

error: manually filling a slice
   --> src/model/style.rs:608:13
    |
608 | /             for fid in &mut cs.font_ids {
609 | |                 *fid = id;
610 | |             }
    | |_____________^ help: try: `&mut cs.font_ids.fill(id);`
    |
    = help: for further information visit https://rust-lang.github.io/rust-clippy/rust-1.99.0/index.html#manual_slice_fill

error: using `chunks_exact` with a constant chunk size
   --> src/parser/body_text.rs:883:10
    |
883 |         .chunks_exact(2)
    |          ^^^^^^^^^^^^^^^ help: consider using `as_chunks` instead: `as_chunks::<2>().0.iter()`
    |
    = help: for further information visit https://rust-lang.github.io/rust-clippy/rust-1.99.0/index.html#chunks_exact_to_as_chunks

error: using `chunks_exact` with a constant chunk size
   --> src/parser/byte_reader.rs:116:14
    |
116 |             .chunks_exact(2)
    |              ^^^^^^^^^^^^^^^ help: consider using `as_chunks` instead: `as_chunks::<2>().0.iter()`
    |
    = help: for further information visit https://rust-lang.github.io/rust-clippy/rust-1.99.0/index.html#chunks_exact_to_as_chunks

error: using `chunks_exact` with a constant chunk size
   --> src/parser/control.rs:397:10
    |
397 |         .chunks_exact(2)
    |          ^^^^^^^^^^^^^^^ help: consider using `as_chunks` instead: `as_chunks::<2>().0.iter()`
    |
    = help: for further information visit https://rust-lang.github.io/rust-clippy/rust-1.99.0/index.html#chunks_exact_to_as_chunks

error: using `chunks_exact` with a constant chunk size
   --> src/parser/control.rs:855:10
    |
855 |         .chunks_exact(2)
    |          ^^^^^^^^^^^^^^^ help: consider using `as_chunks` instead: `as_chunks::<2>().0.iter()`
    |
    = help: for further information visit https://rust-lang.github.io/rust-clippy/rust-1.99.0/index.html#chunks_exact_to_as_chunks

error: redundant reference in `format!` argument
  --> src/serializer/hwpx/section.rs:96:52
   |
96 |         let replacement = format!("{}{}", new_run, &first_t);
   |                                                    ^^^^^^^^ help: remove the redundant `&`: `first_t`
   |
   = help: for further information visit https://rust-lang.github.io/rust-clippy/rust-1.99.0/index.html#useless_borrows_in_formatting
   = note: `-D clippy::useless-borrows-in-formatting` implied by `-D warnings`
   = help: to override `-D warnings` add `#[allow(clippy::useless_borrows_in_formatting)]`

error: redundant reference in `format!` argument
  --> src/serializer/hwpx/section.rs:98:69
   |
98 |         let anchor = format!("{}{}", r#"<hp:run charPrIDRef="0">"#, &first_t);
   |                                                                     ^^^^^^^^ help: remove the redundant `&`: `first_t`
   |
   = help: for further information visit https://rust-lang.github.io/rust-clippy/rust-1.99.0/index.html#useless_borrows_in_formatting

error: using `chunks_exact` with a constant chunk size
  --> src/wmf/parser/objects/structure/mod.rs:42:10
   |
42 |         .chunks_exact(2)
   |          ^^^^^^^^^^^^^^^ help: consider using `as_chunks` instead: `as_chunks::<2>().0.iter()`
   |
   = help: for further information visit https://rust-lang.github.io/rust-clippy/rust-1.99.0/index.html#chunks_exact_to_as_chunks

error: could not compile `rhwp` (lib) due to 14 previous errors
