warning: function `footnote_emits_autoNum` should have a snake case name
   --> src/serializer/hwpx/field.rs:192:8
    |
192 |     fn footnote_emits_autoNum() {
    |        ^^^^^^^^^^^^^^^^^^^^^^ help: convert the identifier to snake case: `footnote_emits_auto_num`
    |
    = note: `#[warn(non_snake_case)]` (part of `#[warn(nonstandard_style)]`) on by default

warning: function `test_merge_then_control_layout_has_colSpan` should have a snake case name
    --> src/wasm_api/tests.rs:1173:4
     |
1173 | fn test_merge_then_control_layout_has_colSpan() {
     |    ^^^^^^^^^^^^^^^^^^^^^^^^^^^^^^^^^^^^^^^^^^ help: convert the identifier to snake case: `test_merge_then_control_layout_has_col_span`

warning: unused `Result` that must be used
     --> src/wasm_api/tests.rs:11958:5
      |
11958 |     doc.insert_text_native(0, 0, 0, "가나다라마바사아");
      |     ^^^^^^^^^^^^^^^^^^^^^^^^^^^^^^^^^^^^^^^^^^^^^^^^^^^
      |
      = note: this `Result` may be an `Err` variant, which should be handled
      = note: `#[warn(unused_must_use)]` (part of `#[warn(unused)]`) on by default
help: use `let _ = ...` to ignore the resulting value
      |
11958 |     let _ = doc.insert_text_native(0, 0, 0, "가나다라마바사아");
      |     +++++++

warning: unused `Result` that must be used
     --> src/wasm_api/tests.rs:16440:5
      |
16440 |     doc.convert_to_editable_native();
      |     ^^^^^^^^^^^^^^^^^^^^^^^^^^^^^^^^
      |
      = note: this `Result` may be an `Err` variant, which should be handled
help: use `let _ = ...` to ignore the resulting value
      |
16440 |     let _ = doc.convert_to_editable_native();
      |     +++++++

warning: `rhwp` (lib test) generated 4 warnings
    Finished `test` profile [unoptimized + debuginfo] target(s) in 0.04s
     Running unittests src/lib.rs (target/debug/deps/rhwp-aaac856d4c847685)

running 1 test
test wasm_api::tests::test_batch_multiple_edit_types ... ok

test result: ok. 1 passed; 0 failed; 0 ignored; 0 measured; 921 filtered out; finished in 0.00s

