IMPACT at=code:3033ae22c9031919757be1357a998471e67f1fab@3033ae22c903 query="src/document_core/commands/table_ops.rs" mode=path jev=used(cache) jev_threshold=0.45 files=27 rows=45 det_ms=522 total_ms=523 jev_requests=0 jev_http_attempts=0 jev_input_tokens=0
- [code] src/document_core/commands/object_ops.rs  channel=other binding=mention jev=0.36 rows=1
    :14 [stem/stem_weak] /// table_ops의 MIN_CELL_SIZE와 동일한 기준을 사용한다.
- [code] src/document_core/commands/mod.rs  channel=other binding=mention jev=0.24 rows=1
    :8 [stem/stem_weak] mod table_ops;
- [code] mydocs/eng/tech/incremental_relayout_design.md  channel=doc binding=mention jev=0.22 rows=2
    :49 [basename/mention] | `table.dirty = true` | table_ops.rs (10+ places) | Mark dirty on table structure changes |
    :50 [basename/mention] | `reflow_cell_paragraph()` | table_ops.rs:1077 | Reflow individual paragraphs within a cell |
- [code] mydocs/eng/plans/archives/task_155.md  channel=doc binding=mention jev=0.20 rows=2
    :69 [path/mention] **File: `src/document_core/commands/table_ops.rs`**
    :135 [path/mention] | `src/document_core/commands/table_ops.rs` | Add 11 position attributes to get/set |
- [code] mydocs/plans/archives/task_155.md  channel=doc binding=mention jev=0.19 rows=2
    :69 [path/mention] **파일: `src/document_core/commands/table_ops.rs`**
    :135 [path/mention] | `src/document_core/commands/table_ops.rs` | get/set에 11개 위치 속성 추가 |
- [code] mydocs/tech/incremental_relayout_design.md  channel=doc binding=mention jev=0.19 rows=2
    :49 [basename/mention] | `table.dirty = true` | table_ops.rs (10+ 곳) | 표 구조 변경 시 dirty 마킹 |
    :50 [basename/mention] | `reflow_cell_paragraph()` | table_ops.rs:1077 | 셀 내 문단 개별 reflow |
- [code] mydocs/eng/feedback/post-refactoring-remaining-tasks.md  channel=doc binding=mention jev=0.17 rows=4
    :36 [basename/mention] | `table_ops.rs` | 13 | 13 |
    :62 [basename/mention] | `table_ops.rs` | 8 | 9 |
    :117 [basename/mention] +-- table_ops.rs                |   +-- text_editing.rs    (C)
- [code] mydocs/plans/archives/task_191.md  channel=doc binding=mention jev=0.16 rows=1
    :107 [path/mention] - WASM API 보강 시 `src/wasm_api.rs`, `src/document_core/commands/table_ops.rs` 수정
- [code] mydocs/working/archives/task_191_final.md  channel=doc binding=mention jev=0.16 rows=1
    :48 [path/mention] | `src/document_core/commands/table_ops.rs` | 캡션 속성 변경 로직 (5단계) |
- [code] mydocs/plans/archives/task_144_impl.md  channel=doc binding=mention jev=0.15 rows=3
    :33 [basename/mention] | table_ops.rs | parse_u32, parse_i16, parse_u8, parse_bool ×2 | json_u32, json_i16, json_u8, json_bool |
    :68 [basename/mention] | `{"ok":true,"rowCount":N,"colCount":N}` | table_ops.rs | 4 |
    :69 [basename/mention] | `{"ok":true,"cellCount":N}` | table_ops.rs | 4 |
- [code] mydocs/plans/archives/task_191_impl.md  channel=doc binding=mention jev=0.14 rows=1
    :61 [basename/mention] - WASM API에 `singleLine` 속성 전달 필요 시 `table_ops.rs` 보강
- [code] mydocs/working/archives/task_142_step1.md  channel=doc binding=mention jev=0.14 rows=1
    :18 [basename/mention] | `wasm_api/table_ops.rs` | 954 | 표/셀 CRUD + 속성 |
- [code] mydocs/eng/feedback/r-code-review-3rd.md  channel=doc binding=mention jev=0.13 rows=1
    :32 [basename/mention] - Concerns are perfectly separated into `text_editing.rs`, `table_ops.rs`, `formatting.rs`, etc. When tracking editing logic, there is no longer any n
- [code] mydocs/eng/plans/archives/task_144_impl.md  channel=doc binding=mention jev=0.13 rows=3
    :33 [basename/mention] | table_ops.rs | parse_u32, parse_i16, parse_u8, parse_bool x2 | json_u32, json_i16, json_u8, json_bool |
    :68 [basename/mention] | `{"ok":true,"rowCount":N,"colCount":N}` | table_ops.rs | 4 |
    :69 [basename/mention] | `{"ok":true,"cellCount":N}` | table_ops.rs | 4 |
- [code] mydocs/feedback/post-refactoring-remaining-tasks.md  channel=doc binding=mention jev=0.13 rows=4
    :36 [basename/mention] | `table_ops.rs` | 13 | 13 |
    :62 [basename/mention] | `table_ops.rs` | 8 | 9 |
    :117 [basename/mention] ├── table_ops.rs                │   ├── text_editing.rs    (C)
- [code] mydocs/plans/archives/task_147.md  channel=doc binding=mention jev=0.13 rows=1
    :9 [stem/stem_weak] - **commands/**: document, text_editing, table_ops, object_ops, formatting, clipboard, html_import
- [code] mydocs/eng/feedback/r-code-review-3rd-response.md  channel=doc binding=mention jev=0.12 rows=1
    :68 [basename/mention] |   |   +-- table_ops.rs
- [code] mydocs/eng/plans/archives/task_142_impl.md  channel=doc binding=mention jev=0.12 rows=3
    :62 [basename/mention] │   ├── table_ops.rs         ← Table creation/row-column/cell operations/properties native methods
    :99 [basename/mention] #### `wasm_api/table_ops.rs` (~1,100 lines)
    :283 [basename/mention] ├── table_ops.rs         ← insert/delete row/column, merge/split cell (~500 lines)
- [code] mydocs/eng/plans/archives/task_147.md  channel=doc binding=mention jev=0.12 rows=1
    :9 [stem/stem_weak] - **commands/**: document, text_editing, table_ops, object_ops, formatting, clipboard, html_import
- [code] mydocs/eng/plans/task_269_impl.md  channel=doc binding=mention jev=0.12 rows=1
    :50 [path/mention] - `src/document_core/commands/table_ops.rs` (Rust)
- [code] mydocs/feedback/r-code-review-3rd.md  channel=doc binding=mention jev=0.12 rows=1
    :32 [basename/mention] - `text_editing.rs`, `table_ops.rs`, `formatting.rs` 등으로 관심사가 완벽히 분리되었습니다. 편집 로직을 추적할 때 더 이상 2.4만 줄짜리 파일을 스크롤할 필요가 없어졌습니다.
- [code] mydocs/plans/archives/task_142_impl.md  channel=doc binding=mention jev=0.12 rows=3
    :62 [basename/mention] │   ├── table_ops.rs         ← 표 생성/행열/셀 조작/속성 native 메서드
    :99 [basename/mention] #### `wasm_api/table_ops.rs` (~1,100줄)
    :283 [basename/mention] ├── table_ops.rs         ← insert/delete row/column, merge/split cell (~500줄)
- [code] mydocs/plans/archives/task_144.md  channel=doc binding=mention jev=0.12 rows=1
    :27 [basename/mention] | table_ops.rs | parse_* 5개 삭제, 응답 생성 교체 |
- [code] mydocs/plans/task_269_impl.md  channel=doc binding=mention jev=0.12 rows=1
    :50 [path/mention] - `src/document_core/commands/table_ops.rs` (Rust)
- [code] mydocs/eng/working/archives/task_142_step1.md  channel=doc binding=mention jev=0.11 rows=1
    :18 [basename/mention] | `wasm_api/table_ops.rs` | 954 | Table/cell CRUD + properties |
- [code] mydocs/feedback/r-code-review-3rd-response.md  channel=doc binding=mention jev=0.11 rows=1
    :68 [basename/mention] │   │   ├── table_ops.rs
- [code] mydocs/eng/plans/archives/task_144.md  channel=doc binding=mention jev=0.10 rows=1
    :27 [basename/mention] | table_ops.rs | Delete 5 parse_* functions, replace response generation |
